---
source: src/widgets/tab_widget.rs
expression: terminal.backend()
---
" My Issues                                        "
"                                                  "
